// Jest Snapshot v1, https://goo.gl/fbAQLP

exports[`<CryptoHistoryListItem/> matches snapshot 1`] = `
<div>
  <div
    class="p-2 bg-blueGray-500 hover:bg-blueGray-400 transition-colors grid grid-cols-4 items-center gap-2 text-white"
  >
    <div>
      <div
        class="flex items-center gap-2"
      >
        <div
          class="w-8 h-8 cover-img rounded-full overflow-hidden shrink-0"
        >
          <span
            style="box-sizing: border-box; display: block; overflow: hidden; background: none; opacity: 1; border: 0px; margin: 0px; padding: 0px; position: absolute; top: 0px; left: 0px; bottom: 0px; right: 0px;"
          >
            <img
              alt="bitcoin"
              data-nimg="fill"
              decoding="async"
              src="data:image/gif;base64,R0lGODlhAQABAIAAAAAAAP///yH5BAEAAAAALAAAAAABAAEAAAIBRAA7"
              style="position: absolute; top: 0px; left: 0px; bottom: 0px; right: 0px; box-sizing: border-box; padding: 0px; margin: auto; display: block; width: 0px; height: 0px; min-width: 100%; max-width: 100%; min-height: 100%; max-height: 100%;"
            />
            <noscript />
          </span>
        </div>
        <h4
          class="font-bold text-lg text-white"
        >
          1000.00
        </h4>
      </div>
      <p>
        <strong>
          Low
        </strong>
        : 
        1000.00
      </p>
      <p>
        <strong>
          High
        </strong>
        : 
        1000.00
      </p>
    </div>
    <div>
      <p>
        <strong>
          Ask
        </strong>
        : $
        1000.00
      </p>
      <p>
        <strong>
          Bid
        </strong>
        : $
        1000.00
      </p>
    </div>
    <div>
      <p>
        <strong>
          Close
        </strong>
        : 
        1000.00
      </p>
      <p>
        <strong>
          Open
        </strong>
        : 
        1000.00
      </p>
    </div>
    <div>
      <p>
        <strong>
          Low last 24h
        </strong>
        :
         
        0.00
        %
      </p>
      <p>
        <strong>
          Open last 24h
        </strong>
        :
         
        0.00
        %
      </p>
    </div>
  </div>
</div>
`;
