// Jest Snapshot v1, https://goo.gl/fbAQLP

exports[`<BitcoinRenderer/> matches snapshot 1`] = `
<div>
  <div
    class="w-60 md:w-96"
  >
    <div />
  </div>
</div>
`;
