// Jest Snapshot v1, https://goo.gl/fbAQLP

exports[`<Input/> matches snapshot 1`] = `
<div>
  <div
    class="flex flex-col mb-4"
  >
    <label
      class="text-white capitalize text-lg mb-2"
      for="name"
    >
      name
    </label>
    <input
      class="px-2 py-4 rounded font-bold text-gray-600 text-xl"
      data-testid="input"
      id="name"
      name="name"
      value="value"
    />
  </div>
</div>
`;
