// Jest Snapshot v1, https://goo.gl/fbAQLP

exports[`<Button/> matches snapshot 1`] = `
<div>
  <button
    class="btn btnRegular"
  >
    Button
  </button>
</div>
`;
