// Jest Snapshot v1, https://goo.gl/fbAQLP

exports[`<NoSSR/> matches snapshot 1`] = `
<div>
  children
</div>
`;
